07/12/2015 16:03
---------------------------------------
1- Ubicación de MenuRightBottom		R.
2- Login SQL Injection.				R.
---------------------------------------